// Jest Snapshot v1, https://goo.gl/fbAQLP

exports[`Header component should render correctly 1`] = `
.c0 {
  margin-bottom: 1.45rem;
  background: rebeccapurple;
}

.c1 {
  padding: 0.5rem;
}

.c2 {
  margin: 0;
}

.c3 {
  color: white;
  -webkit-text-decoration: none;
  text-decoration: none;
}

<header
  className="c0"
>
  <div
    className="c1 container"
  >
    <h1
      className="c2"
    >
      <a
        className="c3"
        data-testid="siteTitle"
        href="/"
      >
        test title
      </a>
    </h1>
  </div>
</header>
`;
