// Jest Snapshot v1, https://goo.gl/fbAQLP

exports[`SEO component should not render anything to the screen 1`] = `null`;
